// Jest Snapshot v1, https://goo.gl/fbAQLP

exports[`BlogPostDetailsFragment component should render correctly 1`] = `
<body>
  <div>
    <div
      class="ant-row-flex ant-row-flex-center ant-row-flex-top"
      style="margin-top: 2rem; margin-bottom: 2rem;"
    >
      <div
        class="ant-col ant-col-16"
      >
        <h3
          class="ant-typography"
          style="text-transform: uppercase; text-align: left;"
        >
          Title
        </h3>
        <div
          class="ant-typography"
          style="text-align: left;"
        >
          Publicat de First Last • 1/1/1970
        </div>
        <div
          class="ant-typography"
          style="text-align: left;"
        >
          <span
            class="ant-tag"
          >
            #
            tag1
          </span>
          <span
            class="ant-tag"
          >
            #
            tag2
          </span>
        </div>
        <div
          class="ant-typography"
          style="text-align: justify;"
        >
          <div>
            <p>
              Text
            </p>
          </div>
        </div>
        <div
          class="ant-typography"
        >
          <img
            src="image-url"
            style="max-height: 768px;"
            width="100%"
          />
        </div>
      </div>
    </div>
  </div>
</body>
`;

exports[`BlogPostDetailsFragment component should render correctly if error 1`] = `
<body>
  <div>
    <p>
      Articolul nu a fost găsit
    </p>
  </div>
</body>
`;
